[2025-05-09 11:54:06.519]  INFO - [1551b8kdmjn5] - ********** START TCP **********
[2025-05-09 11:54:06.520]  INFO - [1551b8kdmjn5] - IP = sibscimb01:8700, ParentTranSeqId = 2b196b364bf86160, RqUID = 25050911540644159555, ProviderRqId = 115406441595, DSPRefId = 1551b8kdmjn5
[2025-05-09 11:54:06.541]  INFO - [1551b8kdmjn5] - Message has been sent. ConnectionId = a7d8c0:196b0f2e635:-7f72
[2025-05-09 11:54:06.542]  INFO - [1551b8kdmjn5] - Waiting for reply message.
[2025-05-09 11:54:06.559]  INFO - [1551b8hivst0] - Received message. DSPRefId = 1551b8hivst0, ProviderRqId = 115406342313
[2025-05-09 11:54:06.561]  INFO - [1551b8hivst0] - ********** END TCP **********
[2025-05-09 11:54:07.008]  INFO - [1551b8bbkxdb] - Received message. DSPRefId = 1551b8bbkxdb, ProviderRqId = 115406100187
[2025-05-09 11:54:07.010]  INFO - [1551b8bbkxdb] - ********** END TCP **********
[2025-05-09 11:54:07.100]  INFO - [1551b8h0082w] - Received message. DSPRefId = 1551b8h0082w, ProviderRqId = 115406328403
[2025-05-09 11:54:07.102]  INFO - [1551b8h0082w] - ********** END TCP **********
[2025-05-09 11:54:07.196]  INFO - [1551b938x7z7] - ********** START TCP **********
[2025-05-09 11:54:07.198]  INFO - [1551b938x7z7] - IP = sibscimb01:8700, ParentTranSeqId = 2b196b364c233151, RqUID = 25050911540707654881, ProviderRqId = 115407076548, DSPRefId = 1551b938x7z7
[2025-05-09 11:54:07.217]  INFO - [1551b938x7z7] - Message has been sent. ConnectionId = a7d8c0:196b0f2e635:-7f71
[2025-05-09 11:54:07.218]  INFO - [1551b938x7z7] - Waiting for reply message.
[2025-05-09 11:54:07.252]  INFO - [1551b8kdmjn5] - Received message. DSPRefId = 1551b8kdmjn5, ProviderRqId = 115406441595
[2025-05-09 11:54:07.255]  INFO - [1551b8kdmjn5] - ********** END TCP **********
[2025-05-09 11:54:07.257]  INFO - [1551b944lu9f] - ********** START TCP **********
[2025-05-09 11:54:07.259]  INFO - [1551b944lu9f] - IP = sibscimb01:8700, ParentTranSeqId = 2b196b364c253714, RqUID = 25050911540716216224, ProviderRqId = 115407162162, DSPRefId = 1551b944lu9f
[2025-05-09 11:54:07.292]  INFO - [1551b944lu9f] - Message has been sent. ConnectionId = a7d8c0:196b0f2e635:-7f72
[2025-05-09 11:54:07.293]  INFO - [1551b944lu9f] - Waiting for reply message.
[2025-05-09 11:54:07.426]  INFO - [1551b99n1apz] - ********** START TCP **********
[2025-05-09 11:54:07.427]  INFO - [1551b99n1apz] - IP = sibscimb01:8700, ParentTranSeqId = 2b196b364c3190c3, RqUID = 25050911540734949423, ProviderRqId = 115407349494, DSPRefId = 1551b99n1apz
[2025-05-09 11:54:07.440]  INFO - [1551b99n1apz] - Message has been sent. ConnectionId = a7d8c0:196b0f2e635:-7f71
[2025-05-09 11:54:07.440]  INFO - [1551b99n1apz] - Waiting for reply message.
[2025-05-09 11:54:07.755]  INFO - [1551b938x7z7] - Received message. DSPRefId = 1551b938x7z7, ProviderRqId = 115407076548
[2025-05-09 11:54:07.756]  INFO - [1551b938x7z7] - ********** END TCP **********
[2025-05-09 11:54:07.845]  INFO - [1551b944lu9f] - Received message. DSPRefId = 1551b944lu9f, ProviderRqId = 115407162162
[2025-05-09 11:54:07.847]  INFO - [1551b944lu9f] - ********** END TCP **********
[2025-05-09 11:54:07.902]  INFO - [1551b9m7ziyw] - ********** START TCP **********
[2025-05-09 11:54:07.905]  INFO - [1551b9m7ziyw] - IP = sibscimb01:8700, ParentTranSeqId = 2b196b364c4dd1d0, RqUID = 25050911540781623321, ProviderRqId = 115407816233, DSPRefId = 1551b9m7ziyw
[2025-05-09 11:54:07.936]  INFO - [1551b9m7ziyw] - Message has been sent. ConnectionId = a7d8c0:196b0f2e635:-7f72
[2025-05-09 11:54:07.937]  INFO - [1551b9m7ziyw] - Waiting for reply message.
[2025-05-09 11:54:07.972]  INFO - [1551b99n1apz] - Received message. DSPRefId = 1551b99n1apz, ProviderRqId = 115407349494
[2025-05-09 11:54:07.973]  INFO - [1551b99n1apz] - ********** END TCP **********
[2025-05-09 11:54:08.046]  INFO - [1551b9q4e9v8] - ********** START TCP **********
[2025-05-09 11:54:08.048]  INFO - [1551b9q4e9v8] - IP = sibscimb01:8700, ParentTranSeqId = 2b196b364c56b734, RqUID = 25050911540795378245, ProviderRqId = 115407953782, DSPRefId = 1551b9q4e9v8
[2025-05-09 11:54:08.068]  INFO - [1551b9q4e9v8] - Message has been sent. ConnectionId = a7d8c0:196b0f2e635:-7f71
[2025-05-09 11:54:08.068]  INFO - [1551b9q4e9v8] - Waiting for reply message.
[2025-05-09 11:54:08.092]  INFO - [1551b9m7ziyw] - Received message. DSPRefId = 1551b9m7ziyw, ProviderRqId = 115407816233
[2025-05-09 11:54:08.094]  INFO - [1551b9m7ziyw] - ********** END TCP **********