[2025-05-10 10:49:56.420]  INFO - [X'414d5120554944504f503031202020203a8118681367b540'] - ********** START HTTP **********
[2025-05-10 10:49:56.420]  INFO - [X'414d5120554944504f503031202020203a8118681367b540'] - ParentTranSeqId = 91196B85031FE1RJ, RqUID = 842VUYm8Z2uixmHXsFhchtZV, CorrelId = X'414d5120554944504f503031202020203a8118681367b540'
[2025-05-10 10:49:56.420]  INFO - [X'414d5120554944504f503031202020203a8118681367b540'] - Authorization : Bearer cJvKloxzBmRVDZAJERtSCKe812B0Hpnl7V04FakDSpydfrrolkGZl8WLgrQZW6ddWLmJzOUKu91oAQeLIWXwSS8Rmrmggf9aeHbcxmX8Kj6tfG5toZnjcjUCkf2upYqgtonGdhafvMvyNI0hwsl4lQN7G9C0/egxIbidNnm55KrXVmqew7TzOs7ZOIrvDgOrmtFTMBEUxJ4uE1M1n885mGUFGdVhScF3bcXzj2Fj5A5FbBG/PZ6rF21pH1KYf2sHwUDWwb5oDskPFAmpkJoOCFl8YtoKkAkg0Q6NvRO3KzIGbtCzP5YeOvbrbUzkDbBcrsC0lstWNeCpS6YPosxydg==
[2025-05-10 10:49:56.436]  INFO - [X'414d5120554944504f503031202020203a8118681367b540'] - Message has been sent. URL = https://ssbuat.mylab.local/api/channel-gateway-service/v1/validate-open-account
[2025-05-10 10:50:00.822]  INFO - [X'535342476574546f6b656e3130546f6b656e4f5447100525'] - ********** START GET TOKEN **********
[2025-05-10 10:50:00.823]  INFO - [X'535342476574546f6b656e3130546f6b656e4f5447100525'] - SUCCESS GET TOKEN FROM QUEUE
[2025-05-10 10:50:00.823]  INFO - [X'535342476574546f6b656e3130546f6b656e4f5447100525'] - SourceSystem = OTG_ID
[2025-05-10 10:50:00.823]  INFO - [X'535342476574546f6b656e3130546f6b656e4f5447100525'] - ********** END GET TOKEN **********
[2025-05-10 10:50:00.823]  INFO - [X'414d5120554944504f503031202020203a8118685358b540'] - ********** START HTTP **********
[2025-05-10 10:50:00.823]  INFO - [X'414d5120554944504f503031202020203a8118685358b540'] - ParentTranSeqId = 91196B8506D51G1U, RqUID = uwSQv4HrbS7iZzDhIoUlSsJn, CorrelId = X'414d5120554944504f503031202020203a8118685358b540'
[2025-05-10 10:50:00.823]  INFO - [X'414d5120554944504f503031202020203a8118685358b540'] - Authorization : Bearer cJvKloxzBmRVDZAJERtSCKe812B0Hpnl7V04FakDSpydfrrolkGZl8WLgrQZW6ddWLmJzOUKu91oAQeLIWXwSS8Rmrmggf9aeHbcxmX8Kj6tfG5toZnjcjUCkf2upYqgtonGdhafvMvyNI0hwsl4lQN7G9C0/egxIbidNnm55KrXVmqew7TzOs7ZOIrvDgOrmtFTMBEUxJ4uE1M1n885mGUFGdVhScF3bcXzj2Fj5A5FbBG/PZ6rF21pH1KYf2sHwUDWwb5oDskPFAmpkJoOCFl8YtoKkAkg0Q6NvRO3KzIGbtCzP5YeOvbrbUzkDbBcrsC0lstWNeCpS6YPosxydg==
[2025-05-10 10:50:00.843]  INFO - [X'414d5120554944504f503031202020203a8118685358b540'] - Message has been sent. URL = https://ssbuat.mylab.local/api/channel-gateway-service/v1/validate-open-account
[2025-05-10 10:51:06.943]  INFO - [X'535342476574546f6b656e3130546f6b656e4f5447100525'] - ********** START GET TOKEN **********
[2025-05-10 10:51:06.943]  INFO - [X'535342476574546f6b656e3130546f6b656e4f5447100525'] - SUCCESS GET TOKEN FROM QUEUE
[2025-05-10 10:51:06.943]  INFO - [X'535342476574546f6b656e3130546f6b656e4f5447100525'] - SourceSystem = OTG_ID
[2025-05-10 10:51:06.943]  INFO - [X'535342476574546f6b656e3130546f6b656e4f5447100525'] - ********** END GET TOKEN **********
[2025-05-10 10:51:06.943]  INFO - [X'414d5120554944504f503031202020203a8118681d67b540'] - ********** START HTTP **********
[2025-05-10 10:51:06.943]  INFO - [X'414d5120554944504f503031202020203a8118681d67b540'] - ParentTranSeqId = 91196B8516FB1C74, RqUID = MTSTdKrFEpkx60yFwaBeOEzt, CorrelId = X'414d5120554944504f503031202020203a8118681d67b540'
[2025-05-10 10:51:06.943]  INFO - [X'414d5120554944504f503031202020203a8118681d67b540'] - Authorization : Bearer cJvKloxzBmRVDZAJERtSCKe812B0Hpnl7V04FakDSpydfrrolkGZl8WLgrQZW6ddWLmJzOUKu91oAQeLIWXwSS8Rmrmggf9aeHbcxmX8Kj6tfG5toZnjcjUCkf2upYqgtonGdhafvMvyNI0hwsl4lQN7G9C0/egxIbidNnm55KrXVmqew7TzOs7ZOIrvDgOrmtFTMBEUxJ4uE1M1n885mGUFGdVhScF3bcXzj2Fj5A5FbBG/PZ6rF21pH1KYf2sHwUDWwb5oDskPFAmpkJoOCFl8YtoKkAkg0Q6NvRO3KzIGbtCzP5YeOvbrbUzkDbBcrsC0lstWNeCpS6YPosxydg==
[2025-05-10 10:51:06.958]  INFO - [X'414d5120554944504f503031202020203a8118681d67b540'] - Message has been sent. URL = https://ssbuat.mylab.local/api/channel-gateway-service/v1/validate-open-account
[2025-05-10 10:51:12.926]  INFO - [HTTPAsyncResponse] - ***** Message Received ***** HTTPResponseHeader : HTTP/1.1 200 OK CorrelID : X'414d5120554944504f503031202020203a8118685358b540'
[2025-05-10 10:51:12.926]  INFO - [X'414d5120554944504f503031202020203a8118685358b540'] - ********** END   HTTP **********
[2025-05-10 10:51:12.930]  INFO - [HTTPAsyncResponse] - ***** Message Received ***** HTTPResponseHeader : HTTP/1.1 200 OK CorrelID : X'414d5120554944504f503031202020203a8118681367b540'
[2025-05-10 10:51:12.930]  INFO - [X'414d5120554944504f503031202020203a8118681367b540'] - ********** END   HTTP **********
[2025-05-10 10:51:14.322]  INFO - [HTTPAsyncResponse] - ***** Message Received ***** HTTPResponseHeader : HTTP/1.1 200 OK CorrelID : X'414d5120554944504f503031202020203a8118681d67b540'
[2025-05-10 10:51:14.322]  INFO - [X'414d5120554944504f503031202020203a8118681d67b540'] - ********** END   HTTP **********
[2025-05-10 10:51:45.456]  INFO - [X'535342476574546f6b656e3130546f6b656e4f5447100525'] - ********** START GET TOKEN **********
[2025-05-10 10:51:45.456]  INFO - [X'535342476574546f6b656e3130546f6b656e4f5447100525'] - SUCCESS GET TOKEN FROM QUEUE
[2025-05-10 10:51:45.456]  INFO - [X'535342476574546f6b656e3130546f6b656e4f5447100525'] - SourceSystem = OTG_ID
[2025-05-10 10:51:45.456]  INFO - [X'535342476574546f6b656e3130546f6b656e4f5447100525'] - ********** END GET TOKEN **********
[2025-05-10 10:51:45.456]  INFO - [X'414d5120554944504f503031202020203a8118682767b540'] - ********** START HTTP **********
[2025-05-10 10:51:45.456]  INFO - [X'414d5120554944504f503031202020203a8118682767b540'] - ParentTranSeqId = 91196B8520623CT3, RqUID = FLiY6GSf0IZBdRAbWdeWSZGv, CorrelId = X'414d5120554944504f503031202020203a8118682767b540'
[2025-05-10 10:51:45.456]  INFO - [X'414d5120554944504f503031202020203a8118682767b540'] - Authorization : Bearer cJvKloxzBmRVDZAJERtSCKe812B0Hpnl7V04FakDSpydfrrolkGZl8WLgrQZW6ddWLmJzOUKu91oAQeLIWXwSS8Rmrmggf9aeHbcxmX8Kj6tfG5toZnjcjUCkf2upYqgtonGdhafvMvyNI0hwsl4lQN7G9C0/egxIbidNnm55KrXVmqew7TzOs7ZOIrvDgOrmtFTMBEUxJ4uE1M1n885mGUFGdVhScF3bcXzj2Fj5A5FbBG/PZ6rF21pH1KYf2sHwUDWwb5oDskPFAmpkJoOCFl8YtoKkAkg0Q6NvRO3KzIGbtCzP5YeOvbrbUzkDbBcrsC0lstWNeCpS6YPosxydg==
[2025-05-10 10:51:45.470]  INFO - [X'414d5120554944504f503031202020203a8118682767b540'] - Message has been sent. URL = https://ssbuat.mylab.local/api/channel-gateway-service/v1/validate-open-account
[2025-05-10 10:51:50.022]  INFO - [HTTPAsyncResponse] - ***** Message Received ***** HTTPResponseHeader : HTTP/1.1 200 OK CorrelID : X'414d5120554944504f503031202020203a8118682767b540'
[2025-05-10 10:51:50.022]  INFO - [X'414d5120554944504f503031202020203a8118682767b540'] - ********** END   HTTP **********
[2025-05-10 10:53:06.313]  INFO - [X'535342476574546f6b656e3130546f6b656e4f5447100525'] - ********** START GET TOKEN **********
[2025-05-10 10:53:06.313]  INFO - [X'535342476574546f6b656e3130546f6b656e4f5447100525'] - SUCCESS GET TOKEN FROM QUEUE
[2025-05-10 10:53:06.313]  INFO - [X'535342476574546f6b656e3130546f6b656e4f5447100525'] - SourceSystem = OTG_ID
[2025-05-10 10:53:06.313]  INFO - [X'535342476574546f6b656e3130546f6b656e4f5447100525'] - ********** END GET TOKEN **********
[2025-05-10 10:53:06.313]  INFO - [X'414d5120554944504f503031202020203a8118683985b540'] - ********** START HTTP **********
[2025-05-10 10:53:06.313]  INFO - [X'414d5120554944504f503031202020203a8118683985b540'] - ParentTranSeqId = 91196B85341F7JGG, RqUID = PSBfJ6A1E3jhsOphHa3FlDwP, CorrelId = X'414d5120554944504f503031202020203a8118683985b540'
[2025-05-10 10:53:06.313]  INFO - [X'414d5120554944504f503031202020203a8118683985b540'] - Authorization : Bearer cJvKloxzBmRVDZAJERtSCKe812B0Hpnl7V04FakDSpydfrrolkGZl8WLgrQZW6ddWLmJzOUKu91oAQeLIWXwSS8Rmrmggf9aeHbcxmX8Kj6tfG5toZnjcjUCkf2upYqgtonGdhafvMvyNI0hwsl4lQN7G9C0/egxIbidNnm55KrXVmqew7TzOs7ZOIrvDgOrmtFTMBEUxJ4uE1M1n885mGUFGdVhScF3bcXzj2Fj5A5FbBG/PZ6rF21pH1KYf2sHwUDWwb5oDskPFAmpkJoOCFl8YtoKkAkg0Q6NvRO3KzIGbtCzP5YeOvbrbUzkDbBcrsC0lstWNeCpS6YPosxydg==
[2025-05-10 10:53:06.335]  INFO - [X'414d5120554944504f503031202020203a8118683985b540'] - Message has been sent. URL = https://ssbuat.mylab.local/api/channel-gateway-service/v1/validate-open-account
[2025-05-10 10:53:12.617]  INFO - [HTTPAsyncResponse] - ***** Message Received ***** HTTPResponseHeader : HTTP/1.1 200 OK CorrelID : X'414d5120554944504f503031202020203a8118683985b540'
[2025-05-10 10:53:12.618]  INFO - [X'414d5120554944504f503031202020203a8118683985b540'] - ********** END   HTTP **********
[2025-05-10 10:54:00.518]  INFO - [X'535342476574546f6b656e3130546f6b656e4f5447100525'] - ********** START GET TOKEN **********
[2025-05-10 10:54:00.518]  INFO - [X'535342476574546f6b656e3130546f6b656e4f5447100525'] - SUCCESS GET TOKEN FROM QUEUE
[2025-05-10 10:54:00.518]  INFO - [X'535342476574546f6b656e3130546f6b656e4f5447100525'] - SourceSystem = OTG_ID
[2025-05-10 10:54:00.518]  INFO - [X'535342476574546f6b656e3130546f6b656e4f5447100525'] - ********** END GET TOKEN **********
[2025-05-10 10:54:00.519]  INFO - [X'414d5120554944504f503031202020203a8118684385b540'] - ********** START HTTP **********
[2025-05-10 10:54:00.519]  INFO - [X'414d5120554944504f503031202020203a8118684385b540'] - ParentTranSeqId = 91196B85415B4NW6, RqUID = u5q6G1g1vAxEZaMXbKzTD9d1, CorrelId = X'414d5120554944504f503031202020203a8118684385b540'
[2025-05-10 10:54:00.519]  INFO - [X'414d5120554944504f503031202020203a8118684385b540'] - Authorization : Bearer cJvKloxzBmRVDZAJERtSCKe812B0Hpnl7V04FakDSpydfrrolkGZl8WLgrQZW6ddWLmJzOUKu91oAQeLIWXwSS8Rmrmggf9aeHbcxmX8Kj6tfG5toZnjcjUCkf2upYqgtonGdhafvMvyNI0hwsl4lQN7G9C0/egxIbidNnm55KrXVmqew7TzOs7ZOIrvDgOrmtFTMBEUxJ4uE1M1n885mGUFGdVhScF3bcXzj2Fj5A5FbBG/PZ6rF21pH1KYf2sHwUDWwb5oDskPFAmpkJoOCFl8YtoKkAkg0Q6NvRO3KzIGbtCzP5YeOvbrbUzkDbBcrsC0lstWNeCpS6YPosxydg==
[2025-05-10 10:54:00.531]  INFO - [X'414d5120554944504f503031202020203a8118684385b540'] - Message has been sent. URL = https://ssbuat.mylab.local/api/channel-gateway-service/v1/validate-open-account
[2025-05-10 10:54:05.723]  INFO - [HTTPAsyncResponse] - ***** Message Received ***** HTTPResponseHeader : HTTP/1.1 200 OK CorrelID : X'414d5120554944504f503031202020203a8118684385b540'
[2025-05-10 10:54:05.724]  INFO - [X'414d5120554944504f503031202020203a8118684385b540'] - ********** END   HTTP **********
[2025-05-10 10:57:02.826]  INFO - [X'535342476574546f6b656e3130546f6b656e4f5447100525'] - ********** START GET TOKEN **********
[2025-05-10 10:57:02.826]  INFO - [X'535342476574546f6b656e3130546f6b656e4f5447100525'] - SUCCESS GET TOKEN FROM QUEUE
[2025-05-10 10:57:02.826]  INFO - [X'535342476574546f6b656e3130546f6b656e4f5447100525'] - SourceSystem = OTG_ID
[2025-05-10 10:57:02.826]  INFO - [X'535342476574546f6b656e3130546f6b656e4f5447100525'] - ********** END GET TOKEN **********
[2025-05-10 10:57:02.826]  INFO - [X'414d5120554944504f503031202020203a8118687985b540'] - ********** START HTTP **********
[2025-05-10 10:57:02.826]  INFO - [X'414d5120554944504f503031202020203a8118687985b540'] - ParentTranSeqId = 91196B856DDABQHG, RqUID = lLuSC6MNPckgcpjcRy1SDMTa, CorrelId = X'414d5120554944504f503031202020203a8118687985b540'
[2025-05-10 10:57:02.827]  INFO - [X'414d5120554944504f503031202020203a8118687985b540'] - Authorization : Bearer cJvKloxzBmRVDZAJERtSCKe812B0Hpnl7V04FakDSpydfrrolkGZl8WLgrQZW6ddWLmJzOUKu91oAQeLIWXwSS8Rmrmggf9aeHbcxmX8Kj6tfG5toZnjcjUCkf2upYqgtonGdhafvMvyNI0hwsl4lQN7G9C0/egxIbidNnm55KrXVmqew7TzOs7ZOIrvDgOrmtFTMBEUxJ4uE1M1n885mGUFGdVhScF3bcXzj2Fj5A5FbBG/PZ6rF21pH1KYf2sHwUDWwb5oDskPFAmpkJoOCFl8YtoKkAkg0Q6NvRO3KzIGbtCzP5YeOvbrbUzkDbBcrsC0lstWNeCpS6YPosxydg==
[2025-05-10 10:57:02.865]  INFO - [X'414d5120554944504f503031202020203a8118687985b540'] - Message has been sent. URL = https://ssbuat.mylab.local/api/channel-gateway-service/v1/validate-open-account
[2025-05-10 10:57:08.835]  INFO - [HTTPAsyncResponse] - ***** Message Received ***** HTTPResponseHeader : HTTP/1.1 200 OK CorrelID : X'414d5120554944504f503031202020203a8118687985b540'
[2025-05-10 10:57:08.835]  INFO - [X'414d5120554944504f503031202020203a8118687985b540'] - ********** END   HTTP **********
[2025-05-10 11:43:16.776]  INFO - [X'535342476574546f6b656e3130546f6b656e52444e100525'] - ********** START GET TOKEN **********
[2025-05-10 11:43:16.780]  INFO - [X'535342476574546f6b656e3130546f6b656e52444e100525'] - ParentTranSeqId = 2E196B8812679L27, RqUID = cf68b94af92a4dc88562396005a3ec96, CorrelIdToken = X'535342476574546f6b656e3130546f6b656e52444e100525'
[2025-05-10 11:43:17.717]  INFO - [X'535342476574546f6b656e3130546f6b656e52444e100525'] - Message has been sent. URL = https://ssbuat.mylab.local/api/channel-gateway-service/v1/channels/claims-token
[2025-05-10 11:43:17.717]  INFO - [X'535342476574546f6b656e3130546f6b656e52444e100525'] - GET TOKEN SUCCESS HTTPResponseHeader = HTTP/1.1 200 OK
[2025-05-10 11:43:17.717]  INFO - [X'535342476574546f6b656e3130546f6b656e52444e100525'] - ********** END GET TOKEN **********
[2025-05-10 11:43:17.731]  INFO - [X'414d5120554944504f503031202020203a811868a983b640'] - ********** START HTTP **********
[2025-05-10 11:43:17.731]  INFO - [X'414d5120554944504f503031202020203a811868a983b640'] - ParentTranSeqId = 2E196B8812679L27, RqUID = cf68b94af92a4dc88562396005a3ec96, CorrelId = X'414d5120554944504f503031202020203a811868a983b640'
[2025-05-10 11:43:17.750]  INFO - [X'414d5120554944504f503031202020203a811868a983b640'] - Message has been sent. URL = https://ssbuat.mylab.local/api/channel-gateway-service/v1/submit-open-acct-lender
[2025-05-10 11:43:21.807]  INFO - [HTTPAsyncResponse] - ***** Message Received ***** HTTPResponseHeader : HTTP/1.1 200 OK CorrelID : X'414d5120554944504f503031202020203a811868a983b640'
[2025-05-10 11:43:21.807]  INFO - [X'414d5120554944504f503031202020203a811868a983b640'] - ********** END   HTTP **********
[2025-05-10 12:07:27.003]  INFO - [X'535342476574546f6b656e3130546f6b656e52444e100525'] -  ********** START GET TOKEN **********
[2025-05-10 12:07:27.005]  INFO - [X'535342476574546f6b656e3130546f6b656e52444e100525'] -  SUCCESS GET TOKEN FROM QUEUE 
[2025-05-10 12:07:27.033]  INFO - [X'535342476574546f6b656e3130546f6b656e52444e100525'] -  *********** END GET TOKEN ***********
[2025-05-10 12:07:27.052]  INFO - [X'414d5120554944504f503031202020203a811868abe8b640'] - ********** START HTTP **********
[2025-05-10 12:07:27.052]  INFO - [X'414d5120554944504f503031202020203a811868abe8b640'] - ParentTranSeqId = 2E196B897523CWNO, RqUID = 33635f56d22142f99f8852d2e2ebf042, CorrelId = X'414d5120554944504f503031202020203a811868abe8b640'
[2025-05-10 12:07:27.067]  INFO - [X'414d5120554944504f503031202020203a811868abe8b640'] - Message has been sent. URL = https://ssbuat.mylab.local/api/channel-gateway-service/v1/submit-open-acct-lender
[2025-05-10 12:07:28.807]  INFO - [HTTPAsyncResponse] - ***** Message Received ***** HTTPResponseHeader : HTTP/1.1 200 OK CorrelID : X'414d5120554944504f503031202020203a811868abe8b640'
[2025-05-10 12:07:28.808]  INFO - [X'414d5120554944504f503031202020203a811868abe8b640'] - ********** END   HTTP **********
[2025-05-10 12:09:30.395]  INFO - [X'535342476574546f6b656e3130546f6b656e52444e100525'] -  ********** START GET TOKEN **********
[2025-05-10 12:09:30.395]  INFO - [X'535342476574546f6b656e3130546f6b656e52444e100525'] -  SUCCESS GET TOKEN FROM QUEUE 
[2025-05-10 12:09:30.395]  INFO - [X'535342476574546f6b656e3130546f6b656e52444e100525'] -  *********** END GET TOKEN ***********
[2025-05-10 12:09:30.396]  INFO - [X'414d5120554944504f503031202020203a8118683501b740'] - ********** START HTTP **********
[2025-05-10 12:09:30.396]  INFO - [X'414d5120554944504f503031202020203a8118683501b740'] - ParentTranSeqId = 2E196B8993446GEL, RqUID = 39f300277c194d879072daf932607351, CorrelId = X'414d5120554944504f503031202020203a8118683501b740'
[2025-05-10 12:09:30.411]  INFO - [X'414d5120554944504f503031202020203a8118683501b740'] - Message has been sent. URL = https://ssbuat.mylab.local/api/channel-gateway-service/v1/submit-open-acct-lender
[2025-05-10 12:09:31.891]  INFO - [HTTPAsyncResponse] - ***** Message Received ***** HTTPResponseHeader : HTTP/1.1 200 OK CorrelID : X'414d5120554944504f503031202020203a8118683501b740'
[2025-05-10 12:09:31.892]  INFO - [X'414d5120554944504f503031202020203a8118683501b740'] - ********** END   HTTP **********
[2025-05-10 13:25:09.050]  INFO - [X'535342476574546f6b656e3130546f6b656e52444e100525'] -  ********** START GET TOKEN **********
[2025-05-10 13:25:09.050]  INFO - [X'535342476574546f6b656e3130546f6b656e52444e100525'] -  SUCCESS GET TOKEN FROM QUEUE 
[2025-05-10 13:25:09.050]  INFO - [X'535342476574546f6b656e3130546f6b656e52444e100525'] -  *********** END GET TOKEN ***********
[2025-05-10 13:25:09.094]  INFO - [X'414d5120554944504f503031202020203a8118684d94b840'] - ********** START HTTP **********
[2025-05-10 13:25:09.094]  INFO - [X'414d5120554944504f503031202020203a8118684d94b840'] - ParentTranSeqId = 2E196B8DE7536KDR, RqUID = 6ecc9ea0570d4418aa27ae52e111ddfd, CorrelId = X'414d5120554944504f503031202020203a8118684d94b840'
[2025-05-10 13:25:09.115]  INFO - [X'414d5120554944504f503031202020203a8118684d94b840'] - Message has been sent. URL = https://ssbuat.mylab.local/api/channel-gateway-service/v1/submit-open-acct-lender
[2025-05-10 13:25:10.720]  INFO - [HTTPAsyncResponse] - ***** Message Received ***** HTTPResponseHeader : HTTP/1.1 200 OK CorrelID : X'414d5120554944504f503031202020203a8118684d94b840'
[2025-05-10 13:25:10.720]  INFO - [X'414d5120554944504f503031202020203a8118684d94b840'] - ********** END   HTTP **********[2026-02-08 05:25:00.000]  INFO - [X'TEST123456789'] - ********** START HTTP **********
